// Jest Snapshot v1, https://goo.gl/fbAQLP

exports[`Start component renders Start by default 1`] = `
<section
  className="start"
>
  <h2
    className="lg-title"
  >
    Create an account, or use the demo account.
  </h2>
  <p>
    With the demo account, youâ€™ll be able to use all the apps features using a shared public account.
  </p>
  <span
    className="status "
  />
  <div>
    <button
      className="lg-btn lg-btn-light mt-2 mr-1"
      onClick={[Function]}
    >
       Sign Up
    </button>
    <button
      className="lg-btn lg-btn-light mt-2"
      onClick={[Function]}
    >
       Demo
    </button>
  </div>
</section>
`;
