// Jest Snapshot v1, https://goo.gl/fbAQLP

exports[`AddSelector component renders AddSelector by default 1`] = `
<input
  aria-label=""
  className="lg-btn lg-btn-light add-selector undefined"
  onClick={[Function]}
  type="button"
  value=""
/>
`;
